Circuit: * E:\итмо\Схемотехника\lab2\test.asc

Direct Newton iteration for .op point succeeded.
Ignoring empty pin current: Ix(x1:vin5)
Ignoring empty pin current: Ix(x1:vin5)

Date: Sun Apr 01 21:43:29 2018
Total elapsed time: 0.374 seconds.

tnom = 27
temp = 27
method = modified trap
totiter = 16237
traniter = 16229
tranpoints = 8089
accept = 8065
rejected = 24
matrix size = 32
fillins = 0
solver = Normal
Matrix Compiler1: 528 bytes object code size  0.1/0.1/[0.1]
Matrix Compiler2: off  [0.1]/0.3/0.1

